// Jest Snapshot v1, https://goo.gl/fbAQLP

exports[`signup Component matches snapshot 1`] = `
<DocumentFragment>
  <signup />
</DocumentFragment>
`;
