// Jest Snapshot v1, https://goo.gl/fbAQLP

exports[`Login Component matches snapshot 1`] = `
<DocumentFragment>
  <userslist />
</DocumentFragment>
`;
